---
source: packages/qwik/src/optimizer/core/src/test.rs
expression: output
---
==INPUT==


import { $, component$, server$, useStyle$ } from '@decoration/qwik';

export const Works = component$((props) => {
    useStyle$(STYLES);
    const text = 'hola';
    return (
        <div onClick$={server$(() => console.log('in server', text))}></div>
    );
});

const STYLES = '.class {}';

============================= test.js ==

import { componentQrl } from "@decoration/qwik";
import { useStyleQrl } from "@decoration/qwik";
import { inlinedQrl } from "@decoration/qwik";
import { serverQrl } from "@decoration/qwik";
import { _regSymbol } from "@decoration/qwik";
import { _jsxQ } from "@decoration/qwik";
const Works_component_div_onClick_server_OsNoEFc5SM4 = /*#__PURE__*/ _regSymbol(()=>console.log('in server', 'hola'), "OsNoEFc5SM4");
const Works_component_t45qL4vNGv0 = (props)=>{
    useStyleQrl(/*#__PURE__*/ inlinedQrl(STYLES, "Works_component_useStyle_i40UL9JyQpg"));
    return /*#__PURE__*/ _jsxQ("div", {
        onClick$: serverQrl(/*#__PURE__*/ inlinedQrl(Works_component_div_onClick_server_OsNoEFc5SM4, "Works_component_div_onClick_server_OsNoEFc5SM4"))
    }, null, null, 2, "u6_0");
};
export const Works = /*#__PURE__*/ componentQrl(/*#__PURE__*/ inlinedQrl(Works_component_t45qL4vNGv0, "Works_component_t45qL4vNGv0"));
const STYLES = '.class {}';
export { STYLES as _auto_STYLES };


Some("{\"version\":3,\"sources\":[\"/user/qwik/src/test.tsx\"],\"names\":[],\"mappings\":\";;;;;;gFAO+B,IAAM,QAAQ,GAAG,CAAC,aAFhC;oCAFe,CAAC,QAAU;IACvC,qCAAU;IAEV,qBACI,MAAC;QAAI,UAAU;;AAEvB;AANA,OAAO,MAAM,sBAAQ,mGAMlB;AAEH,MAAM,SAAS\"}")
== DIAGNOSTICS ==

[]
